CCS PCM C Compiler, Version 4.068, 61971               05-Dec-16 16:12

               Filename: C:\Users\tugdell\Desktop\deneme\uygulama_1\deneme_1.lst

               ROM used: 101 words (1%)
                         Largest free fragment is 2048
               RAM used: 8 (2%) at main() level
                         9 (2%) worst case
               Stack:    1 locations

*
0000:  MOVLW  00
0001:  MOVWF  0A
0002:  GOTO   019
0003:  NOP
.................... /******************************************************* 
.................... Uygulama Adi: PIC16F877 ile Led Yakma-Sondurme Programi 
.................... Programin Amaci: RB0 pini ile LED'i belirli araliklarla 
.................... yakip sondurmek 
.................... *******************************************************/ 
....................  
....................  
.................... // Kullanilacak PIC'in baslik dosyasi tanitiliyor 
.................... #include <16f877.h>  
.................... //////// Standard Header file for the PIC16F877 device //////////////// 
.................... #device PIC16F877 
.................... #list 
....................  
....................  
.................... //PIC konfigurasyon ayarlari: 
.................... #fuses XT,NOWDT,NOPROTECT,NOBROWNOUT,NOLVP,NOPUT,NOWRT,NODEBUG,NOCPD 
....................  
.................... // Osilator frekansi seciliyor: 
.................... #use delay(clock=4000000) 
*
0004:  MOVLW  22
0005:  MOVWF  04
0006:  BCF    03.7
0007:  MOVF   00,W
0008:  BTFSC  03.2
0009:  GOTO   018
000A:  MOVLW  01
000B:  MOVWF  78
000C:  CLRF   77
000D:  DECFSZ 77,F
000E:  GOTO   00D
000F:  DECFSZ 78,F
0010:  GOTO   00C
0011:  MOVLW  4A
0012:  MOVWF  77
0013:  DECFSZ 77,F
0014:  GOTO   013
0015:  GOTO   016
0016:  DECFSZ 00,F
0017:  GOTO   00A
0018:  RETLW  00
....................  
.................... // Port yonlendirme komutlari PORT(B) icin ayarlaniyor 
.................... #use fast_io(b) 
....................  
.................... void main() 
.................... { 
0019:  CLRF   04
001A:  BCF    03.7
001B:  MOVLW  1F
001C:  ANDWF  03,F
001D:  BSF    03.5
001E:  BSF    1F.0
001F:  BSF    1F.1
0020:  BSF    1F.2
0021:  BCF    1F.3
....................  
....................    setup_adc_ports(NO_ANALOGS); // Analog giris yok 
*
0025:  BSF    03.5
0026:  BSF    1F.0
0027:  BSF    1F.1
0028:  BSF    1F.2
0029:  BCF    1F.3
....................    setup_adc(ADC_OFF); // ADC birimi devre disi 
002A:  BCF    03.5
002B:  BCF    1F.0
....................    setup_psp(PSP_DISABLED); // PSP birimi devre disi 
002C:  BSF    03.5
002D:  BCF    09.4
....................    setup_spi(SPI_SS_DISABLED); //SPI interface birimi devre disi 
002E:  BCF    03.5
002F:  BCF    14.5
0030:  BCF    20.5
0031:  MOVF   20,W
0032:  BSF    03.5
0033:  MOVWF  07
0034:  BCF    03.5
0035:  BSF    20.4
0036:  MOVF   20,W
0037:  BSF    03.5
0038:  MOVWF  07
0039:  BCF    03.5
003A:  BCF    20.3
003B:  MOVF   20,W
003C:  BSF    03.5
003D:  MOVWF  07
003E:  MOVLW  01
003F:  BCF    03.5
0040:  MOVWF  14
0041:  MOVLW  00
0042:  BSF    03.5
0043:  MOVWF  14
....................    setup_timer_0(RTCC_INTERNAL|RTCC_DIV_1);// CCP birimi devre disi 
0044:  MOVF   01,W
0045:  ANDLW  C7
0046:  IORLW  08
0047:  MOVWF  01
....................    setup_timer_1(T1_DISABLED); // Timer 1 birimi devre disi 
0048:  BCF    03.5
0049:  CLRF   10
....................    setup_timer_2(T2_DISABLED,0,1); // Timer 2 birimi devre disi 
004A:  MOVLW  00
004B:  MOVWF  78
004C:  MOVWF  12
004D:  MOVLW  00
004E:  BSF    03.5
004F:  MOVWF  12
....................  
....................    set_tris_b(0x00); // PORT(B) komple cikis (output) olarak ayarlaniyor 
0050:  MOVWF  06
....................    output_b(0x00); // PORT(B) komple cikisi sifir (low) yapiliyor 
0051:  BCF    03.5
0052:  CLRF   06
....................    while(1) 
....................    { 
....................       output_high(pin_b0); //RB0 pin cikisi lojik 1 (high) yapiliyor 
0053:  BSF    06.0
....................       delay_ms(500); // 500ms gecikme yapiliyor 
0054:  MOVLW  02
0055:  MOVWF  21
0056:  MOVLW  FA
0057:  MOVWF  22
0058:  CALL   004
0059:  DECFSZ 21,F
005A:  GOTO   056
....................       output_low(pin_b0); //RB0 pin cikisi lojik 0 (low) yapiliyor 
005B:  BCF    06.0
....................       delay_ms(500); // 500ms gecikme yapiliyor 
005C:  MOVLW  02
005D:  MOVWF  21
005E:  MOVLW  FA
005F:  MOVWF  22
0060:  CALL   004
0061:  DECFSZ 21,F
0062:  GOTO   05E
....................    } 
0063:  GOTO   053
....................  
.................... } 
0064:  SLEEP

Configuration Fuses:
   Word  1: 3F39   XT NOWDT NOPUT NOPROTECT NOBROWNOUT NOLVP NOCPD NOWRT NODEBUG
